// Jest Snapshot v1, https://goo.gl/fbAQLP

exports[`should render ExpensesSummary correctly 1`] = `
<div>
  <h1>
    Viewing 
    1
     
    expense
     totalling 
    $235.00
  </h1>
</div>
`;
