// Jest Snapshot v1, https://goo.gl/fbAQLP

exports[`should render Header correctly 1`] = `
<header>
  <h1>
    Expensify
  </h1>
  <NavLink
    activeClassName="is-active"
    ariaCurrent="true"
    exact={true}
    to="/"
  >
    Go To Dashboard Page
  </NavLink>
  <br />
  <NavLink
    activeClassName="is-active"
    ariaCurrent="true"
    to="/create"
  >
    Go To Add Page
  </NavLink>
  <br />
  <NavLink
    activeClassName="is-active"
    ariaCurrent="true"
    to="/edit"
  >
    Go Edit Page
  </NavLink>
   
  <br />
  <button
    onClick={[Function]}
  >
    Logout
  </button>
</header>
`;
